SELECT EMP.ENAME,DEPT.LOC
  2  FROM EMP INNER JOIN DEPT
  3  ON
  4  EMP.DEPTNO=DEPT.DEPTNO;

ENAME      LOC
---------- -------------
SMITH      DALLAS
ALLEN      CHICAGO
WARD       CHICAGO
JONES      DALLAS
MARTIN     CHICAGO
BLAKE      CHICAGO
CLARK      NEW YORK
SCOTT      DALLAS
KING       NEW YORK
TURNER     CHICAGO
ADAMS      DALLAS

ENAME      LOC
---------- -------------
JAMES      CHICAGO
FORD       DALLAS
MILLER     NEW YORK

14 rows selected.

SQL> SET LINES 5000 PAGES 5000;
SQL> SELECT EMP.ENAME,DEPT.LOC
  2  FROM EMP INNER JOIN DEPT
  3  ON
  4  EMP.DEPTNO=DEPT.DEPTNO;

ENAME      LOC
---------- -------------
SMITH      DALLAS
ALLEN      CHICAGO
WARD       CHICAGO
JONES      DALLAS
MARTIN     CHICAGO
BLAKE      CHICAGO
CLARK      NEW YORK
SCOTT      DALLAS
KING       NEW YORK
TURNER     CHICAGO
ADAMS      DALLAS
JAMES      CHICAGO
FORD       DALLAS
MILLER     NEW YORK

14 rows selected.


SQL> SELECT DNAME,SAL
  2  FROM DEPT INNER JOIN EMP
  3  ON DEPT.DEPTNO=EMP.DEPTNO
  4  WHERE DNAME='ACCOUNTING';

DNAME                 SAL
-------------- ----------
ACCOUNTING           2450
ACCOUNTING           5000
ACCOUNTING           1300

SQL> SELECT DNAME,SAL*12 AS ANNUAL_SALARY
  2  FROM DEPT INNER JOIN EMP
  3  ON DEPT.DEPTNO=EMP.DEPTNO
  4  WHERE SAL*12>2340;

DNAME          ANNUAL_SALARY
-------------- -------------
RESEARCH                9600
SALES                  19200
SALES                  15000
RESEARCH               35700
SALES                  15000
SALES                  34200
ACCOUNTING             29400
RESEARCH               36000
ACCOUNTING             60000
SALES                  18000
RESEARCH               13200
SALES                  11400
RESEARCH               36000
ACCOUNTING             15600

14 rows selected.

SQL> SELECT ENAME,DNAME
  2  FROM EMP INNER JOIN DEPT
  3  ON EMP.DEPTNO=DEPT.DEPTNO
  4  WHERE DNAME LIKE '%A%';

ENAME      DNAME
---------- --------------
SMITH      RESEARCH
ALLEN      SALES
WARD       SALES
JONES      RESEARCH
MARTIN     SALES
BLAKE      SALES
CLARK      ACCOUNTING
SCOTT      RESEARCH
KING       ACCOUNTING
TURNER     SALES
ADAMS      RESEARCH
JAMES      SALES
FORD       RESEARCH
MILLER     ACCOUNTING

14 rows selected.

SQL> SELECT ENAME,DNAME
  2  FROM EMP INNER JOIN DEPT
  3  ON EMP.DEPTNO=DEPT.DEPTNO
  4  WHERE JOB='SALESMAN';

ENAME      DNAME
---------- --------------
TURNER     SALES
MARTIN     SALES
WARD       SALES
ALLEN      SALES



SQL> SELECT DNAME,JOB
  2  FROM DEPT INNER JOIN EMP
  3  ON EMP.DEPTNO=DEPT.DEPTNO
  4  WHERE DNAME LIKE 'S%' AND JOB LIKE 'S%';

DNAME          JOB
-------------- ---------
SALES          SALESMAN
SALES          SALESMAN
SALES          SALESMAN
SALES          SALESMAN

SQL> SELECT DNAME,MGR
  2  FROM DEPT INNER JOIN EMP
  3  ON DEPT.DEPTNO = EMP.DEPTNO
  4  WHERE MGR=7839;

DNAME                 MGR
-------------- ----------
ACCOUNTING           7839
RESEARCH             7839
SALES                7839

SQL> SELECT DNAME,HIREDATE
  2  FROM DEPT INNER JOIN EMP
  3  ON DEPT.DEPTNO=EMP.DEPTNO
  4  WHERE HIREDATE>'31-DEC-83' AND (DNAME='ACCOUNTING' OR DNAME='RESEARCH');

DNAME          HIREDATE
-------------- ---------
RESEARCH       23-MAY-87
RESEARCH       19-APR-87

SQL> SELECT ENAME,DNAME
  2  FROM DEPT INNER JOIN EMP
  3  ON DEPT.DEPTNO=EMP.DEPTNO
  4  WHERE (COMM IS NOT NULL) AND (DEPTNO=30 OR DEPTNO=10);
WHERE (COMM IS NOT NULL) AND (DEPTNO=30 OR DEPTNO=10)
                                           *
ERROR at line 4:
ORA-00918: column ambiguously defined




SQL> SELECT DNAME.EMPNO
  2
SQL> SELECT DNAME,EMPNO
  2  FROM DEPT INNER JOIN EMP
  3  ON DEPT.DEPTNO=EMP.DEPTNO
  4  WHERE EMPNO IN (7839,7902) AND LOC='NEW YORK';

DNAME               EMPNO
-------------- ----------
ACCOUNTING           7839


SQL> SELECT ENAME,DNAME
  2  FROM DEPT INNER JOIN EMP
  3  ON DEPT.DEPTNO=EMP.DEPTNO
  4  WHERE (COMM IS NOT NULL) AND EMP.DEPTNO IN (10,30);

ENAME      DNAME
---------- --------------
TURNER     SALES
MARTIN     SALES
WARD       SALES
ALLEN      SALES

SQL>

